2026-08-17 21:15:43,768 INFO ============================================================
2026-08-17 21:15:43,769 INFO Starting: Phase 1 — Get affected entity IDs from events
2026-08-17 21:15:43,769 INFO ============================================================
2026-08-17 21:15:44,554 INFO Total matching events reported by server: 0
2026-08-17 21:15:44,554 INFO Page 1: 0 events, 0 unique entity IDs so far
2026-08-17 21:15:44,792 INFO Scroll cleared.
2026-08-17 21:15:44,792 INFO Phase 1 complete. 0 unique entity IDs written to data/phase1/entity_ids.json
2026-08-17 21:15:44,792 INFO Finished: Phase 1 — Get affected entity IDs from events
2026-08-17 21:15:44,792 INFO ============================================================
2026-08-17 21:15:44,792 INFO Starting: Phase 2 — Filter entities by created date
2026-08-17 21:15:44,792 INFO ============================================================
2026-08-17 21:15:44,793 INFO Loaded 0 entity IDs from Phase 1.
2026-08-17 21:15:44,793 INFO Phase 2 complete. 0 of 0 entities passed the createdDate filter. Written to data/phase2/filtered_ids.json
2026-08-17 21:15:44,793 INFO Finished: Phase 2 — Filter entities by created date
2026-08-17 21:15:44,793 INFO ============================================================
2026-08-17 21:15:44,793 INFO Starting: Phase 3 — Find initial GRM process state
2026-08-17 21:15:44,794 INFO ============================================================
2026-08-17 21:15:44,794 INFO Loaded 0 entity IDs from Phase 2.
2026-08-17 21:15:44,795 INFO Phase 3 complete. 0 entities mapped, 0 warnings. Written to data/phase3/igps_map.json and data/phase3/warnings.json
2026-08-17 21:15:44,795 INFO Finished: Phase 3 — Find initial GRM process state
2026-08-17 21:15:44,795 INFO All phases complete.
2026-08-17 21:43:27,929 INFO ============================================================
2026-08-17 21:43:27,929 INFO Starting: Phase 1 — Get affected entity IDs from events
2026-08-17 21:43:27,929 INFO ============================================================
2026-08-17 21:43:30,535 INFO Total matching events reported by server: 31344
2026-08-17 21:43:30,536 INFO Page 1: 0 events, 0 unique entity IDs so far
2026-08-17 21:43:31,825 INFO Page 2: 0 events, 0 unique entity IDs so far
2026-08-17 21:43:33,027 INFO Page 3: 0 events, 0 unique entity IDs so far
2026-08-17 21:43:34,293 INFO Page 4: 0 events, 0 unique entity IDs so far
2026-08-17 21:43:36,001 INFO Page 5: 0 events, 0 unique entity IDs so far
2026-08-17 21:43:38,185 INFO Page 6: 0 events, 0 unique entity IDs so far
2026-08-17 21:43:39,453 INFO Page 7: 0 events, 0 unique entity IDs so far
2026-08-17 21:43:40,347 INFO Page 8: 0 events, 0 unique entity IDs so far
2026-08-17 21:43:40,990 INFO Page 9: 0 events, 0 unique entity IDs so far
2026-08-17 21:43:41,636 INFO Page 10: 0 events, 0 unique entity IDs so far
2026-08-17 21:43:42,220 INFO Page 11: 0 events, 0 unique entity IDs so far
2026-08-17 21:43:42,865 INFO Page 12: 0 events, 0 unique entity IDs so far
2026-08-17 21:43:43,517 INFO Page 13: 0 events, 0 unique entity IDs so far
2026-08-17 21:43:44,101 INFO Page 14: 0 events, 0 unique entity IDs so far
2026-08-17 21:43:44,689 INFO Page 15: 0 events, 0 unique entity IDs so far
2026-08-17 21:43:45,387 INFO Page 16: 0 events, 0 unique entity IDs so far
2026-08-17 21:43:45,680 INFO Page 17: 0 events, 0 unique entity IDs so far
2026-08-17 21:43:45,934 INFO Scroll cleared.
2026-08-17 21:43:45,934 INFO Phase 1 complete. 0 unique entity IDs written to data/phase1/entity_ids.json
2026-08-17 21:43:45,934 INFO Finished: Phase 1 — Get affected entity IDs from events
2026-08-17 21:43:45,934 INFO ============================================================
2026-08-17 21:43:45,934 INFO Starting: Phase 2 — Filter entities by created date
2026-08-17 21:43:45,934 INFO ============================================================
2026-08-17 21:43:45,934 INFO Loaded 0 entity IDs from Phase 1.
2026-08-17 21:43:45,935 INFO Phase 2 complete. 0 of 0 entities passed the createdDate filter. Written to data/phase2/filtered_ids.json
2026-08-17 21:43:45,935 INFO Finished: Phase 2 — Filter entities by created date
2026-08-17 21:43:45,935 INFO ============================================================
2026-08-17 21:43:45,935 INFO Starting: Phase 3 — Find initial GRM process state
2026-08-17 21:43:45,935 INFO ============================================================
2026-08-17 21:43:45,935 INFO Loaded 0 entity IDs from Phase 2.
2026-08-17 21:43:45,936 INFO Phase 3 complete. 0 entities mapped, 0 warnings. Written to data/phase3/igps_map.json and data/phase3/warnings.json
2026-08-17 21:43:45,936 INFO Finished: Phase 3 — Find initial GRM process state
2026-08-17 21:43:45,936 INFO All phases complete.
